{"data":[{"homeworkSolutionID":1,"author":{"id":2,"name":"\u0416\u0435\u043d\u044f","email":"email1@gmail.com"},"messageID":1,"messageText":"\u041f\u0435\u0440\u0432\u043e\u0435 \u0441\u043e\u043e\u0431\u0449\u0435\u043d\u0438\u0435","createdAt":"2024-01-11 12:01:00"},{"homeworkSolutionID":1,"author":{"id":1,"name":"\u0421\u0432\u0435\u0442\u0430","email":"email2@gmail.com"},"messageID":2,"messageText":"\u0412\u0442\u043e\u0440\u043e\u0435 \u0441\u043e\u043e\u0431\u0449\u0435\u043d\u0438\u0435","createdAt":"2024-01-11 12:01:00"},{"homeworkSolutionID":1,"author":{"id":1,"name":"\u0421\u0432\u0435\u0442\u0430","email":"email2@gmail.com"},"messageID":3,"messageText":"\u0422\u0440\u0435\u0442\u044c\u0435 \u0441\u043e\u043e\u0431\u0449\u0435\u043d\u0438\u0435","createdAt":"2024-01-11 12:01:00"}]}